 * Running on http://0.0.0.0:5050/ (Press CTRL+C to quit)
